\BOOKMARK [0][-]{chapter*.1}{\376\377\000D\000\311\000D\000I\000C\000A\000C\000E}{}% 1
\BOOKMARK [0][-]{chapter*.2}{\376\377\000R\000E\000M\000E\000R\000C\000I\000E\000M\000E\000N\000T\000S}{}% 2
\BOOKMARK [0][-]{chapter*.3}{\376\377\000L\000I\000S\000T\000E\000\040\000D\000E\000S\000\040\000S\000I\000G\000L\000E\000S\000\040\000E\000T\000\040\000A\000B\000R\000\311\000V\000I\000A\000T\000I\000O\000N\000S}{}% 3
\BOOKMARK [0][-]{chapter*.4}{\376\377\000R\000\311\000S\000U\000M\000\311}{}% 4
\BOOKMARK [0][-]{chapter*.5}{\376\377\000A\000B\000S\000T\000R\000A\000C\000T}{}% 5
\BOOKMARK [0][-]{chapter*.5}{\376\377\000L\000I\000S\000T\000E\000\040\000D\000E\000S\000\040\000T\000A\000B\000L\000E\000A\000U\000X}{}% 6
\BOOKMARK [0][-]{chapter*.6}{\376\377\000L\000I\000S\000T\000E\000\040\000D\000E\000S\000\040\000F\000I\000G\000U\000R\000E\000S}{}% 7
\BOOKMARK [0][-]{chapter*.9}{\376\377\000I\000N\000T\000R\000O\000D\000U\000C\000T\000I\000O\000N\000\040\000G\000\311\000N\000\311\000R\000A\000L\000E}{}% 8
\BOOKMARK [1][-]{section*.10}{\376\377\0001\000.\000\040\000C\000o\000n\000t\000e\000x\000t\000e\000\040\000g\000\351\000n\000\351\000r\000a\000l\000\040\000d\000e\000\040\000l\000'\000\351\000t\000u\000d\000e}{chapter*.9}% 9
\BOOKMARK [1][-]{section*.10}{\376\377\0002\000.\000\040\000P\000r\000o\000b\000l\000\351\000m\000a\000t\000i\000q\000u\000e\000\040\000d\000e\000\040\000l\000'\000\351\000t\000u\000d\000e}{chapter*.9}% 10
\BOOKMARK [2][-]{section*.11}{\376\377\0002\000.\0001\000.\000\040\000P\000r\000\351\000s\000e\000n\000t\000a\000t\000i\000o\000n\000\040\000d\000u\000\040\000p\000r\000o\000b\000l\000\350\000m\000e}{section*.10}% 11
\BOOKMARK [2][-]{Item.3}{\376\377\0002\000.\0002\000.\000\040\000F\000o\000r\000m\000u\000l\000a\000t\000i\000o\000n\000\040\000d\000u\000\040\000p\000r\000o\000b\000l\000\350\000m\000e}{section*.10}% 12
\BOOKMARK [1][-]{Item.3}{\376\377\0003\000.\000\040\000H\000y\000p\000o\000t\000h\000\350\000s\000e\000s\000\040\000d\000e\000\040\000l\000'\000\351\000t\000u\000d\000e}{chapter*.9}% 13
\BOOKMARK [2][-]{section*.12}{\376\377\0003\000.\0001\000.\000\040\000H\000y\000p\000o\000t\000h\000\350\000s\000e\000\040\000g\000\351\000n\000\351\000r\000a\000l\000e}{Item.3}% 14
\BOOKMARK [2][-]{section*.12}{\376\377\0003\000.\0002\000.\000\040\000H\000y\000p\000o\000t\000h\000\350\000s\000e\000s\000\040\000s\000p\000\351\000c\000i\000f\000i\000q\000u\000e\000s}{Item.3}% 15
\BOOKMARK [1][-]{section*.12}{\376\377\0004\000.\000\040\000O\000b\000j\000e\000c\000t\000i\000f\000s\000\040\000d\000e\000\040\000l\000'\000\351\000t\000u\000d\000e}{chapter*.9}% 16
\BOOKMARK [2][-]{section*.13}{\376\377\0004\000.\0001\000.\000\040\000O\000b\000j\000e\000c\000t\000i\000f\000\040\000g\000\351\000n\000\351\000r\000a\000l}{section*.12}% 17
\BOOKMARK [2][-]{section*.13}{\376\377\0004\000.\0002\000.\000\040\000O\000b\000j\000e\000c\000t\000i\000f\000s\000\040\000s\000p\000\351\000c\000i\000f\000i\000q\000u\000e\000s}{section*.12}% 18
\BOOKMARK [1][-]{section*.13}{\376\377\0005\000.\000\040\000J\000u\000s\000t\000i\000f\000i\000c\000a\000t\000i\000o\000n\000\040\000d\000e\000\040\000l\000'\000\351\000t\000u\000d\000e}{chapter*.9}% 19
\BOOKMARK [2][-]{section*.14}{\376\377\0005\000.\0001\000.\000\040\000A\000u\000\040\000p\000l\000a\000n\000\040\000s\000c\000i\000e\000n\000t\000i\000f\000i\000q\000u\000e}{section*.13}% 20
\BOOKMARK [2][-]{section*.14}{\376\377\0005\000.\0002\000.\000\040\000A\000u\000\040\000p\000l\000a\000n\000\040\000p\000r\000a\000t\000i\000q\000u\000e}{section*.13}% 21
\BOOKMARK [1][-]{section*.14}{\376\377\0006\000.\000\040\000D\000\351\000l\000i\000m\000i\000t\000a\000t\000i\000o\000n\000\040\000d\000e\000\040\000l\000'\000\351\000t\000u\000d\000e}{chapter*.9}% 22
\BOOKMARK [1][-]{section*.14}{\376\377\0007\000.\000\040\000P\000l\000a\000n\000\040\000d\000u\000\040\000m\000\351\000m\000o\000i\000r\000e}{chapter*.9}% 23
\BOOKMARK [0][-]{chapter.1}{\376\377\0001\000\040\000C\000a\000d\000r\000e\000\040\000c\000o\000n\000c\000e\000p\000t\000u\000e\000l\000\040\000e\000t\000\040\000\351\000t\000a\000t\000\040\000d\000e\000\040\000l\000'\000a\000r\000t}{}% 24
\BOOKMARK [1][-]{section*.15}{\376\377\000\040\000I\000n\000t\000r\000o\000d\000u\000c\000t\000i\000o\000n}{chapter.1}% 25
\BOOKMARK [1][-]{section.1.1}{\376\377\0001\000.\0001\000\040\000C\000a\000d\000r\000e\000\040\000c\000o\000n\000c\000e\000p\000t\000u\000e\000l}{chapter.1}% 26
\BOOKMARK [2][-]{subsection.1.1.1}{\376\377\0001\000.\0001\000.\0001\000\040\000P\000a\000t\000r\000i\000m\000o\000i\000n\000e\000\040\000c\000u\000l\000t\000u\000r\000e\000l\000\040\000e\000t\000\040\000v\000a\000l\000o\000r\000i\000s\000a\000t\000i\000o\000n\000\040\000n\000u\000m\000\351\000r\000i\000q\000u\000e}{section.1.1}% 27
\BOOKMARK [2][-]{subsection.1.1.2}{\376\377\0001\000.\0001\000.\0002\000\040\000D\000e\000\040\000l\000a\000\040\000p\000h\000o\000t\000o\000g\000r\000a\000p\000h\000i\000e\000\040\000\340\000\040\000l\000a\000\040\000v\000i\000s\000i\000t\000e\000\040\000i\000m\000m\000e\000r\000s\000i\000v\000e}{section.1.1}% 28
\BOOKMARK [2][-]{subsection.1.1.3}{\376\377\0001\000.\0001\000.\0003\000\040\000L\000a\000\040\000r\000\351\000a\000l\000i\000t\000\351\000\040\000a\000u\000g\000m\000e\000n\000t\000\351\000e}{section.1.1}% 29
\BOOKMARK [2][-]{subsection.1.1.4}{\376\377\0001\000.\0001\000.\0004\000\040\000A\000c\000q\000u\000i\000s\000i\000t\000i\000o\000n\000\040\000e\000t\000\040\000m\000o\000d\000\351\000l\000i\000s\000a\000t\000i\000o\000n\000\040\000e\000n\000\040\000t\000r\000o\000i\000s\000\040\000d\000i\000m\000e\000n\000s\000i\000o\000n\000s}{section.1.1}% 30
\BOOKMARK [2][-]{subsection.1.1.5}{\376\377\0001\000.\0001\000.\0005\000\040\000P\000r\000o\000g\000i\000c\000i\000e\000l\000\040\000d\000e\000\040\000g\000e\000s\000t\000i\000o\000n\000\040\000i\000n\000t\000\351\000g\000r\000\351\000\040\000e\000t\000\040\000c\000l\000o\000i\000s\000o\000n\000n\000e\000m\000e\000n\000t\000\040\000d\000e\000s\000\040\000d\000o\000n\000n\000\351\000e\000s}{section.1.1}% 31
\BOOKMARK [2][-]{subsection.1.1.6}{\376\377\0001\000.\0001\000.\0006\000\040\000I\000n\000t\000e\000l\000l\000i\000g\000e\000n\000c\000e\000\040\000a\000r\000t\000i\000f\000i\000c\000i\000e\000l\000l\000e\000\040\000g\000\351\000n\000\351\000r\000a\000t\000i\000v\000e\000\040\000e\000t\000\040\000g\000\351\000n\000\351\000r\000a\000t\000i\000o\000n\000\040\000a\000u\000g\000m\000e\000n\000t\000\351\000e\000\040\000p\000a\000r\000\040\000l\000a\000\040\000r\000e\000c\000h\000e\000r\000c\000h\000e}{section.1.1}% 32
\BOOKMARK [2][-]{subsection.1.1.7}{\376\377\0001\000.\0001\000.\0007\000\040\000D\000e\000v\000O\000p\000s\000\040\000:\000\040\000i\000n\000d\000u\000s\000t\000r\000i\000a\000l\000i\000s\000e\000r\000\040\000l\000a\000\040\000p\000r\000o\000d\000u\000c\000t\000i\000o\000n\000\040\000d\000u\000\040\000l\000o\000g\000i\000c\000i\000e\000l}{section.1.1}% 33
\BOOKMARK [2][-]{subsection.1.1.8}{\376\377\0001\000.\0001\000.\0008\000\040\000F\000i\000n\000O\000p\000s\000\040\000:\000\040\000m\000a\000\356\000t\000r\000i\000s\000e\000r\000\040\000l\000e\000\040\000c\000o\000\373\000t\000\040\000d\000e\000\040\000l\000'\000i\000n\000f\000r\000a\000s\000t\000r\000u\000c\000t\000u\000r\000e\000\040\000e\000n\000\040\000n\000u\000a\000g\000e}{section.1.1}% 34
\BOOKMARK [1][-]{section.1.2}{\376\377\0001\000.\0002\000\040\000\311\000t\000a\000t\000\040\000d\000e\000\040\000l\000'\000a\000r\000t}{chapter.1}% 35
\BOOKMARK [2][-]{subsection.1.2.1}{\376\377\0001\000.\0002\000.\0001\000\040\000L\000a\000\040\000s\000i\000t\000u\000a\000t\000i\000o\000n\000\040\000d\000e\000s\000\040\000m\000u\000s\000\351\000e\000s\000\040\000c\000a\000m\000e\000r\000o\000u\000n\000a\000i\000s}{section.1.2}% 36
\BOOKMARK [2][-]{subsection.1.2.2}{\376\377\0001\000.\0002\000.\0002\000\040\000L\000e\000s\000\040\000d\000i\000s\000p\000o\000s\000i\000t\000i\000f\000s\000\040\000p\000r\000o\000p\000o\000s\000\351\000s\000\040\000\340\000\040\000l\000'\000i\000n\000t\000e\000r\000n\000a\000t\000i\000o\000n\000a\000l}{section.1.2}% 37
\BOOKMARK [2][-]{subsection.1.2.3}{\376\377\0001\000.\0002\000.\0003\000\040\000L\000e\000s\000\040\000c\000o\000l\000l\000e\000c\000t\000i\000o\000n\000s\000\040\000o\000u\000v\000e\000r\000t\000e\000s\000\040\000e\000t\000\040\000l\000e\000u\000r\000s\000\040\000i\000n\000t\000e\000r\000f\000a\000c\000e\000s\000\040\000d\000e\000\040\000p\000r\000o\000g\000r\000a\000m\000m\000a\000t\000i\000o\000n}{section.1.2}% 38
\BOOKMARK [2][-]{subsection.1.2.4}{\376\377\0001\000.\0002\000.\0004\000\040\000L\000e\000s\000\040\000a\000s\000s\000i\000s\000t\000a\000n\000t\000s\000\040\000c\000o\000n\000v\000e\000r\000s\000a\000t\000i\000o\000n\000n\000e\000l\000s\000\040\000e\000n\000\040\000c\000o\000n\000t\000e\000x\000t\000e\000\040\000m\000u\000s\000\351\000a\000l}{section.1.2}% 39
\BOOKMARK [1][-]{section.1.3}{\376\377\0001\000.\0003\000\040\000C\000a\000d\000r\000e\000\040\000j\000u\000r\000i\000d\000i\000q\000u\000e\000\040\000e\000t\000\040\000\351\000t\000h\000i\000q\000u\000e}{chapter.1}% 40
\BOOKMARK [2][-]{subsection.1.3.1}{\376\377\0001\000.\0003\000.\0001\000\040\000C\000e\000\040\000q\000u\000e\000\040\000n\000o\000t\000r\000e\000\040\000t\000r\000a\000v\000a\000i\000l\000\040\000a\000p\000p\000o\000r\000t\000e}{section.1.3}% 41
\BOOKMARK [1][-]{Item.14}{\376\377\000\040\000C\000o\000n\000c\000l\000u\000s\000i\000o\000n}{chapter.1}% 42
\BOOKMARK [0][-]{chapter.2}{\376\377\0002\000\040\000M\000\351\000t\000h\000o\000d\000o\000l\000o\000g\000i\000e\000\040\000d\000e\000\040\000l\000'\000\351\000t\000u\000d\000e}{}% 43
\BOOKMARK [1][-]{section*.18}{\376\377\000\040\000I\000n\000t\000r\000o\000d\000u\000c\000t\000i\000o\000n}{chapter.2}% 44
\BOOKMARK [1][-]{section.2.1}{\376\377\0002\000.\0001\000\040\000N\000a\000t\000u\000r\000e\000\040\000d\000e\000\040\000l\000'\000\351\000t\000u\000d\000e\000\040\000e\000t\000\040\000a\000p\000p\000r\000o\000c\000h\000e\000\040\000m\000\351\000t\000h\000o\000d\000o\000l\000o\000g\000i\000q\000u\000e}{chapter.2}% 45
\BOOKMARK [2][-]{subsection.2.1.1}{\376\377\0002\000.\0001\000.\0001\000\040\000N\000i\000v\000e\000a\000u\000\040\000e\000t\000\040\000t\000y\000p\000e\000\040\000d\000e\000\040\000r\000e\000c\000h\000e\000r\000c\000h\000e}{section.2.1}% 46
\BOOKMARK [2][-]{subsection.2.1.2}{\376\377\0002\000.\0001\000.\0002\000\040\000A\000p\000p\000r\000o\000c\000h\000e\000\040\000m\000\351\000t\000h\000o\000d\000o\000l\000o\000g\000i\000q\000u\000e}{section.2.1}% 47
\BOOKMARK [1][-]{section.2.2}{\376\377\0002\000.\0002\000\040\000V\000a\000r\000i\000a\000b\000l\000e\000s\000\040\000e\000t\000\040\000i\000n\000d\000i\000c\000a\000t\000e\000u\000r\000s\000\040\000d\000e\000\040\000l\000'\000\351\000t\000u\000d\000e}{chapter.2}% 48
\BOOKMARK [2][-]{subsection.2.2.1}{\376\377\0002\000.\0002\000.\0001\000\040\000I\000d\000e\000n\000t\000i\000f\000i\000c\000a\000t\000i\000o\000n\000\040\000d\000e\000s\000\040\000v\000a\000r\000i\000a\000b\000l\000e\000s}{section.2.2}% 49
\BOOKMARK [2][-]{subsection.2.2.2}{\376\377\0002\000.\0002\000.\0002\000\040\000O\000p\000\351\000r\000a\000t\000i\000o\000n\000n\000a\000l\000i\000s\000a\000t\000i\000o\000n\000\040\000:\000\040\000l\000e\000s\000\040\000i\000n\000d\000i\000c\000a\000t\000e\000u\000r\000s}{section.2.2}% 50
\BOOKMARK [1][-]{section.2.3}{\376\377\0002\000.\0003\000\040\000P\000o\000p\000u\000l\000a\000t\000i\000o\000n\000\040\000e\000t\000\040\000\351\000c\000h\000a\000n\000t\000i\000l\000l\000o\000n}{chapter.2}% 51
\BOOKMARK [2][-]{subsection.2.3.1}{\376\377\0002\000.\0003\000.\0001\000\040\000P\000o\000p\000u\000l\000a\000t\000i\000o\000n\000\040\000d\000e\000\040\000l\000'\000\351\000t\000u\000d\000e}{section.2.3}% 52
\BOOKMARK [2][-]{subsection.2.3.2}{\376\377\0002\000.\0003\000.\0002\000\040\000T\000e\000c\000h\000n\000i\000q\000u\000e\000\040\000d\000'\000\351\000c\000h\000a\000n\000t\000i\000l\000l\000o\000n\000n\000a\000g\000e\000\040\000e\000t\000\040\000t\000a\000i\000l\000l\000e\000\040\000d\000e\000\040\000l\000'\000\351\000c\000h\000a\000n\000t\000i\000l\000l\000o\000n}{section.2.3}% 53
\BOOKMARK [1][-]{section.2.4}{\376\377\0002\000.\0004\000\040\000O\000u\000t\000i\000l\000s\000\040\000d\000e\000\040\000c\000o\000l\000l\000e\000c\000t\000e\000\040\000e\000t\000\040\000t\000e\000c\000h\000n\000i\000q\000u\000e\000s\000\040\000d\000'\000a\000n\000a\000l\000y\000s\000e\000\040\000d\000e\000s\000\040\000d\000o\000n\000n\000\351\000e\000s}{chapter.2}% 54
\BOOKMARK [2][-]{subsection.2.4.1}{\376\377\0002\000.\0004\000.\0001\000\040\000O\000u\000t\000i\000l\000s\000\040\000d\000e\000\040\000c\000o\000l\000l\000e\000c\000t\000e}{section.2.4}% 55
\BOOKMARK [2][-]{subsection.2.4.2}{\376\377\0002\000.\0004\000.\0002\000\040\000T\000e\000c\000h\000n\000i\000q\000u\000e\000s\000\040\000d\000'\000a\000n\000a\000l\000y\000s\000e}{section.2.4}% 56
\BOOKMARK [1][-]{section.2.5}{\376\377\0002\000.\0005\000\040\000M\000\351\000t\000h\000o\000d\000e\000\040\000d\000e\000\040\000c\000o\000n\000d\000u\000i\000t\000e\000\040\000d\000u\000\040\000p\000r\000o\000j\000e\000t}{chapter.2}% 57
\BOOKMARK [2][-]{subsection.2.5.1}{\376\377\0002\000.\0005\000.\0001\000\040\000L\000e\000\040\000D\000e\000v\000O\000p\000s\000\040\000c\000o\000m\000m\000e\000\040\000d\000\351\000m\000a\000r\000c\000h\000e\000\040\000d\000e\000\040\000l\000i\000v\000r\000a\000i\000s\000o\000n}{section.2.5}% 58
\BOOKMARK [2][-]{subsection.2.5.2}{\376\377\0002\000.\0005\000.\0002\000\040\000L\000e\000s\000\040\000p\000r\000a\000t\000i\000q\000u\000e\000s\000\040\000r\000e\000t\000e\000n\000u\000e\000s}{section.2.5}% 59
\BOOKMARK [1][-]{section.2.6}{\376\377\0002\000.\0006\000\040\000O\000u\000t\000i\000l\000s\000\040\000e\000t\000\040\000e\000n\000v\000i\000r\000o\000n\000n\000e\000m\000e\000n\000t\000\040\000d\000e\000\040\000l\000'\000\351\000t\000u\000d\000e}{chapter.2}% 60
\BOOKMARK [1][-]{section.2.7}{\376\377\0002\000.\0007\000\040\000D\000i\000f\000f\000i\000c\000u\000l\000t\000\351\000s\000\040\000r\000e\000n\000c\000o\000n\000t\000r\000\351\000e\000s\000\040\000e\000t\000\040\000l\000i\000m\000i\000t\000e\000s\000\040\000m\000\351\000t\000h\000o\000d\000o\000l\000o\000g\000i\000q\000u\000e\000s}{chapter.2}% 61
\BOOKMARK [1][-]{Item.25}{\376\377\000\040\000C\000o\000n\000c\000l\000u\000s\000i\000o\000n}{chapter.2}% 62
\BOOKMARK [0][-]{chapter.3}{\376\377\0003\000\040\000P\000r\000\351\000s\000e\000n\000t\000a\000t\000i\000o\000n\000\040\000d\000u\000\040\000s\000i\000t\000e\000\040\000d\000e\000\040\000l\000'\000\351\000t\000u\000d\000e\000,\000\040\000d\000e\000s\000\040\000d\000o\000n\000n\000\351\000e\000s\000\040\000e\000t\000\040\000d\000e\000s\000\040\000r\000\351\000s\000u\000l\000t\000a\000t\000s}{}% 63
\BOOKMARK [1][-]{section*.23}{\376\377\000\040\000I\000n\000t\000r\000o\000d\000u\000c\000t\000i\000o\000n}{chapter.3}% 64
\BOOKMARK [1][-]{section.3.1}{\376\377\0003\000.\0001\000\040\000P\000r\000\351\000s\000e\000n\000t\000a\000t\000i\000o\000n\000\040\000d\000u\000\040\000s\000i\000t\000e\000\040\000d\000e\000\040\000l\000'\000\351\000t\000u\000d\000e}{chapter.3}% 65
\BOOKMARK [2][-]{subsection.3.1.1}{\376\377\0003\000.\0001\000.\0001\000\040\000I\000d\000e\000n\000t\000i\000f\000i\000c\000a\000t\000i\000o\000n\000\040\000d\000e\000\040\000l\000a\000\040\000s\000t\000r\000u\000c\000t\000u\000r\000e}{section.3.1}% 66
\BOOKMARK [2][-]{subsection.3.1.2}{\376\377\0003\000.\0001\000.\0002\000\040\000H\000i\000s\000t\000o\000r\000i\000q\000u\000e\000,\000\040\000m\000i\000s\000s\000i\000o\000n\000s\000\040\000e\000t\000\040\000o\000r\000g\000a\000n\000i\000s\000a\000t\000i\000o\000n}{section.3.1}% 67
\BOOKMARK [2][-]{subsection.3.1.3}{\376\377\0003\000.\0001\000.\0003\000\040\000L\000e\000\040\000D\000\351\000p\000a\000r\000t\000e\000m\000e\000n\000t\000\040\000T\000h\000i\000n\000k\000\040\000T\000a\000n\000k\000\040\000F\000o\000u\000'\000n\000d\000j\000e\000m\000\040\000e\000t\000\040\000s\000o\000n\000\040\000r\000\364\000l\000e\000\040\000d\000a\000n\000s\000\040\000l\000e\000\040\000p\000r\000o\000j\000e\000t}{section.3.1}% 68
\BOOKMARK [2][-]{subsection.3.1.4}{\376\377\0003\000.\0001\000.\0004\000\040\000E\000n\000v\000i\000r\000o\000n\000n\000e\000m\000e\000n\000t\000\040\000t\000e\000c\000h\000n\000o\000l\000o\000g\000i\000q\000u\000e\000\040\000e\000x\000i\000s\000t\000a\000n\000t}{section.3.1}% 69
\BOOKMARK [2][-]{subsection.3.1.5}{\376\377\0003\000.\0001\000.\0005\000\040\000C\000a\000d\000r\000e\000\040\000e\000t\000\040\000d\000\351\000r\000o\000u\000l\000e\000m\000e\000n\000t\000\040\000d\000u\000\040\000s\000t\000a\000g\000e}{section.3.1}% 70
\BOOKMARK [1][-]{section.3.2}{\376\377\0003\000.\0002\000\040\000P\000r\000\351\000s\000e\000n\000t\000a\000t\000i\000o\000n\000\040\000d\000e\000s\000\040\000d\000o\000n\000n\000\351\000e\000s\000\040\000e\000t\000\040\000d\000e\000s\000\040\000r\000\351\000s\000u\000l\000t\000a\000t\000s}{chapter.3}% 71
\BOOKMARK [2][-]{subsection.3.2.1}{\376\377\0003\000.\0002\000.\0001\000\040\000L\000e\000s\000\040\000d\000o\000n\000n\000\351\000e\000s\000\040\000r\000e\000c\000u\000e\000i\000l\000l\000i\000e\000s}{section.3.2}% 72
\BOOKMARK [2][-]{subsection.3.2.2}{\376\377\0003\000.\0002\000.\0002\000\040\000L\000'\000i\000m\000p\000l\000\351\000m\000e\000n\000t\000a\000t\000i\000o\000n\000\040\000d\000u\000\040\000s\000y\000s\000t\000\350\000m\000e}{section.3.2}% 73
\BOOKMARK [2][-]{subsection.3.2.3}{\376\377\0003\000.\0002\000.\0003\000\040\000L\000e\000s\000\040\000r\000\351\000s\000u\000l\000t\000a\000t\000s\000\040\000o\000b\000t\000e\000n\000u\000s}{section.3.2}% 74
\BOOKMARK [1][-]{table.caption.64}{\376\377\000\040\000C\000o\000n\000c\000l\000u\000s\000i\000o\000n}{chapter.3}% 75
\BOOKMARK [0][-]{chapter.4}{\376\377\0004\000\040\000L\000a\000\040\000r\000e\000s\000t\000i\000t\000u\000t\000i\000o\000n\000\040\000n\000u\000m\000\351\000r\000i\000q\000u\000e\000\040\000d\000e\000\040\000l\000a\000\040\000v\000i\000s\000i\000t\000e\000\040\000\340\000\040\000l\000a\000\040\000F\000o\000n\000d\000a\000t\000i\000o\000n\000\040\000J\000e\000a\000n\000\040\000F\000\351\000l\000i\000c\000i\000e\000n\000\040\000G\000a\000c\000h\000a\000\040\000:\000\040\000d\000i\000a\000g\000n\000o\000s\000t\000i\000c\000\040\000e\000t\000\040\000i\000n\000t\000e\000r\000v\000e\000n\000t\000i\000o\000n}{}% 76
\BOOKMARK [1][-]{section*.65}{\376\377\000\040\000I\000n\000t\000r\000o\000d\000u\000c\000t\000i\000o\000n}{chapter.4}% 77
\BOOKMARK [1][-]{section.4.1}{\376\377\0004\000.\0001\000\040\000P\000r\000\351\000s\000e\000n\000t\000a\000t\000i\000o\000n\000\040\000e\000t\000\040\000a\000n\000a\000l\000y\000s\000e\000\040\000d\000e\000\040\000l\000a\000\040\000s\000i\000t\000u\000a\000t\000i\000o\000n}{chapter.4}% 78
\BOOKMARK [2][-]{subsection.4.1.1}{\376\377\0004\000.\0001\000.\0001\000\040\000V\000a\000r\000i\000a\000b\000l\000e\000\040\0001\000.\000\040\000L\000a\000\040\000r\000e\000s\000t\000i\000t\000u\000t\000i\000o\000n\000\040\000s\000p\000a\000t\000i\000a\000l\000e\000\040\000:\000\040\000c\000e\000\040\000q\000u\000e\000\040\000l\000'\000e\000s\000p\000a\000c\000e\000\040\000e\000x\000i\000g\000e\000\040\000e\000t\000\040\000c\000e\000\040\000q\000u\000'\000i\000l\000\040\000p\000a\000r\000d\000o\000n\000n\000e}{section.4.1}% 79
\BOOKMARK [2][-]{subsection.4.1.2}{\376\377\0004\000.\0001\000.\0002\000\040\000V\000a\000r\000i\000a\000b\000l\000e\000\040\0002\000.\000\040\000L\000a\000\040\000m\000i\000s\000e\000\040\000e\000n\000\040\000r\000e\000l\000a\000t\000i\000o\000n\000\040\000d\000o\000c\000u\000m\000e\000n\000t\000a\000i\000r\000e\000\040\000:\000\040\000l\000e\000\040\000v\000o\000c\000a\000b\000u\000l\000a\000i\000r\000e\000\040\000c\000o\000m\000m\000e\000\040\000o\000b\000s\000t\000a\000c\000l\000e}{section.4.1}% 80
\BOOKMARK [2][-]{subsection.4.1.3}{\376\377\0004\000.\0001\000.\0003\000\040\000V\000a\000r\000i\000a\000b\000l\000e\000\040\0003\000.\000\040\000L\000'\000a\000n\000c\000r\000a\000g\000e\000\040\000d\000o\000c\000u\000m\000e\000n\000t\000a\000i\000r\000e\000\040\000:\000\040\000c\000e\000\040\000q\000u\000e\000\040\000l\000'\000a\000s\000s\000i\000s\000t\000a\000n\000t\000\040\000r\000e\000f\000u\000s\000e\000\040\000d\000e\000\040\000d\000i\000r\000e}{section.4.1}% 81
\BOOKMARK [2][-]{subsection.4.1.4}{\376\377\0004\000.\0001\000.\0004\000\040\000V\000a\000r\000i\000a\000b\000l\000e\000\040\0004\000.\000\040\000L\000e\000\040\000c\000l\000o\000i\000s\000o\000n\000n\000e\000m\000e\000n\000t\000\040\000:\000\040\000p\000o\000u\000r\000q\000u\000o\000i\000\040\000l\000a\000\040\000g\000a\000r\000a\000n\000t\000i\000e\000\040\000d\000o\000i\000t\000\040\000\352\000t\000r\000e\000\040\000p\000o\000r\000t\000\351\000e\000\040\000p\000a\000r\000\040\000l\000a\000\040\000b\000a\000s\000e}{section.4.1}% 82
\BOOKMARK [2][-]{subsection.4.1.5}{\376\377\0004\000.\0001\000.\0005\000\040\000A\000n\000a\000l\000y\000s\000e\000\040\000d\000'\000e\000n\000s\000e\000m\000b\000l\000e\000\040\000:\000\040\000f\000o\000r\000c\000e\000s\000\040\000e\000t\000\040\000f\000a\000i\000b\000l\000e\000s\000s\000e\000s}{section.4.1}% 83
\BOOKMARK [1][-]{section.4.2}{\376\377\0004\000.\0002\000\040\000V\000\351\000r\000i\000f\000i\000c\000a\000t\000i\000o\000n\000\040\000d\000e\000s\000\040\000h\000y\000p\000o\000t\000h\000\350\000s\000e\000s}{chapter.4}% 84
\BOOKMARK [1][-]{section.4.3}{\376\377\0004\000.\0003\000\040\000M\000o\000d\000\350\000l\000e\000\040\000e\000x\000p\000l\000i\000c\000a\000t\000i\000f\000\040\000i\000s\000s\000u\000\040\000d\000e\000s\000\040\000r\000\351\000s\000u\000l\000t\000a\000t\000s}{chapter.4}% 85
\BOOKMARK [1][-]{section.4.4}{\376\377\0004\000.\0004\000\040\000I\000n\000t\000e\000r\000v\000e\000n\000t\000i\000o\000n\000\040\000p\000r\000o\000p\000o\000s\000\351\000e\000\040\000e\000t\000\040\000j\000u\000s\000t\000i\000f\000i\000c\000a\000t\000i\000o\000n}{chapter.4}% 86
\BOOKMARK [2][-]{subsection.4.4.1}{\376\377\0004\000.\0004\000.\0001\000\040\000P\000r\000\351\000s\000e\000n\000t\000a\000t\000i\000o\000n\000\040\000d\000e\000\040\000l\000'\000i\000n\000t\000e\000r\000v\000e\000n\000t\000i\000o\000n}{section.4.4}% 87
\BOOKMARK [2][-]{subsection.4.4.2}{\376\377\0004\000.\0004\000.\0002\000\040\000J\000u\000s\000t\000i\000f\000i\000c\000a\000t\000i\000o\000n\000\040\000d\000e\000\040\000l\000'\000i\000n\000t\000e\000r\000v\000e\000n\000t\000i\000o\000n}{section.4.4}% 88
\BOOKMARK [2][-]{subsection.4.4.3}{\376\377\0004\000.\0004\000.\0003\000\040\000O\000b\000j\000e\000c\000t\000i\000f\000s\000\040\000d\000'\000i\000n\000t\000e\000r\000v\000e\000n\000t\000i\000o\000n}{section.4.4}% 89
\BOOKMARK [2][-]{subsection.4.4.4}{\376\377\0004\000.\0004\000.\0004\000\040\000C\000o\000m\000p\000o\000s\000a\000n\000t\000e\000\040\0001\000\040\000:\000\040\000I\000n\000d\000u\000s\000t\000r\000i\000a\000l\000i\000s\000a\000t\000i\000o\000n\000\040\000p\000a\000r\000\040\000l\000a\000\040\000c\000o\000n\000t\000e\000n\000e\000u\000r\000i\000s\000a\000t\000i\000o\000n}{section.4.4}% 90
\BOOKMARK [2][-]{subsection.4.4.5}{\376\377\0004\000.\0004\000.\0005\000\040\000C\000o\000m\000p\000o\000s\000a\000n\000t\000e\000\040\0002\000\040\000:\000\040\000C\000o\000n\000s\000o\000l\000i\000d\000a\000t\000i\000o\000n\000\040\000d\000e\000\040\000l\000a\000\040\000c\000h\000a\000\356\000n\000e\000\040\000d\000o\000c\000u\000m\000e\000n\000t\000a\000i\000r\000e}{section.4.4}% 91
\BOOKMARK [2][-]{subsection.4.4.6}{\376\377\0004\000.\0004\000.\0006\000\040\000C\000o\000m\000p\000o\000s\000a\000n\000t\000e\000\040\0003\000\040\000:\000\040\000P\000r\000o\000d\000u\000c\000t\000i\000o\000n\000\040\000d\000e\000s\000\040\000m\000\351\000d\000i\000a\000s\000\040\000e\000t\000\040\000t\000r\000a\000n\000s\000f\000e\000r\000t\000\040\000d\000e\000\040\000c\000o\000m\000p\000\351\000t\000e\000n\000c\000e\000s}{section.4.4}% 92
\BOOKMARK [2][-]{subsection.4.4.7}{\376\377\0004\000.\0004\000.\0007\000\040\000C\000o\000m\000p\000o\000s\000a\000n\000t\000e\000\040\0004\000\040\000:\000\040\000O\000u\000v\000e\000r\000t\000u\000r\000e\000\040\000a\000u\000x\000\040\000i\000n\000s\000t\000i\000t\000u\000t\000i\000o\000n\000s\000\040\000p\000a\000r\000t\000e\000n\000a\000i\000r\000e\000s}{section.4.4}% 93
\BOOKMARK [2][-]{subsection.4.4.8}{\376\377\0004\000.\0004\000.\0008\000\040\000P\000l\000a\000n\000i\000f\000i\000c\000a\000t\000i\000o\000n\000\040\000d\000e\000\040\000l\000'\000i\000n\000t\000e\000r\000v\000e\000n\000t\000i\000o\000n}{section.4.4}% 94
\BOOKMARK [2][-]{subsection.4.4.9}{\376\377\0004\000.\0004\000.\0009\000\040\000\311\000t\000u\000d\000e\000\040\000d\000e\000\040\000f\000a\000i\000s\000a\000b\000i\000l\000i\000t\000\351}{section.4.4}% 95
\BOOKMARK [2][-]{subsection.4.4.10}{\376\377\0004\000.\0004\000.\0001\0000\000\040\000R\000i\000s\000q\000u\000e\000s\000\040\000e\000t\000\040\000m\000e\000s\000u\000r\000e\000s\000\040\000d\000'\000a\000t\000t\000\351\000n\000u\000a\000t\000i\000o\000n}{section.4.4}% 96
\BOOKMARK [1][-]{table.caption.78}{\376\377\000\040\000C\000o\000n\000c\000l\000u\000s\000i\000o\000n}{chapter.4}% 97
\BOOKMARK [0][-]{chapter*.79}{\376\377\000C\000O\000N\000C\000L\000U\000S\000I\000O\000N\000\040\000G\000\311\000N\000\311\000R\000A\000L\000E}{}% 98
\BOOKMARK [1][-]{section*.80}{\376\377\000P\000e\000r\000s\000p\000e\000c\000t\000i\000v\000e\000s}{chapter*.79}% 99
\BOOKMARK [0][-]{chapter*.81}{\376\377\000R\000\311\000F\000\311\000R\000E\000N\000C\000E\000S\000\040\000B\000I\000B\000L\000I\000O\000G\000R\000A\000P\000H\000I\000Q\000U\000E\000S}{}% 100
\BOOKMARK [1][-]{section*.82}{\376\377\000O\000u\000v\000r\000a\000g\000e\000s}{chapter*.81}% 101
\BOOKMARK [1][-]{section*.82}{\376\377\000A\000r\000t\000i\000c\000l\000e\000s\000\040\000d\000e\000\040\000p\000\351\000r\000i\000o\000d\000i\000q\000u\000e\000s\000\040\000e\000t\000\040\000a\000c\000t\000e\000s\000\040\000d\000e\000\040\000c\000o\000l\000l\000o\000q\000u\000e}{chapter*.81}% 102
\BOOKMARK [1][-]{section*.82}{\376\377\000R\000a\000p\000p\000o\000r\000t\000s\000\040\000e\000t\000\040\000d\000o\000c\000u\000m\000e\000n\000t\000s\000\040\000i\000n\000s\000t\000i\000t\000u\000t\000i\000o\000n\000n\000e\000l\000s}{chapter*.81}% 103
\BOOKMARK [1][-]{section*.82}{\376\377\000D\000o\000c\000u\000m\000e\000n\000t\000s\000\040\000\351\000l\000e\000c\000t\000r\000o\000n\000i\000q\000u\000e\000s\000\040\000e\000t\000\040\000d\000o\000c\000u\000m\000e\000n\000t\000a\000t\000i\000o\000n\000\040\000t\000e\000c\000h\000n\000i\000q\000u\000e}{chapter*.81}% 104
\BOOKMARK [1][-]{section*.82}{\376\377\000D\000o\000c\000u\000m\000e\000n\000t\000s\000\040\000n\000o\000n\000\040\000p\000u\000b\000l\000i\000\351\000s}{chapter*.81}% 105
\BOOKMARK [0][-]{section*.82}{\376\377\000A\000N\000N\000E\000X\000E\000S}{}% 106
\BOOKMARK [0][-]{chapter*.83}{\376\377\000A\000n\000n\000e\000x\000e\000\040\0001\000\040\000:\000\040\000G\000u\000i\000d\000e\000\040\000d\000'\000e\000n\000t\000r\000e\000t\000i\000e\000n\000\040\000s\000e\000m\000i\000-\000d\000i\000r\000e\000c\000t\000i\000f}{}% 107
\BOOKMARK [0][-]{chapter*.84}{\376\377\000A\000n\000n\000e\000x\000e\000\040\0002\000\040\000:\000\040\000Q\000u\000e\000s\000t\000i\000o\000n\000n\000a\000i\000r\000e\000\040\000a\000d\000r\000e\000s\000s\000\351\000\040\000a\000u\000x\000\040\000v\000i\000s\000i\000t\000e\000u\000r\000s}{}% 108
\BOOKMARK [0][-]{Item.64}{\376\377\000T\000A\000B\000L\000E\000\040\000D\000E\000S\000\040\000M\000A\000T\000I\000\310\000R\000E\000S}{}% 109
